# serializer version: 1
# name: TestJavaScriptParser.test_parse_multiline_js
  dict({
    'count': 53,
    'names': list([
      None,
      'express',
      None,
      None,
      None,
      None,
      None,
      None,
      None,
      None,
      'greet',
      None,
      None,
      None,
      None,
      None,
      None,
      None,
      None,
      None,
      'console.log',
      None,
      None,
      None,
      None,
      None,
      None,
      None,
      None,
      None,
      None,
      None,
      None,
      None,
      None,
      None,
      None,
      None,
      None,
      None,
      None,
      'add',
      None,
      None,
      None,
      None,
      None,
      None,
      None,
      None,
      None,
      None,
      None,
    ]),
    'node_types': list([
      0,
      1,
      99,
      99,
      99,
      99,
      19,
      99,
      99,
      99,
      3,
      99,
      99,
      99,
      99,
      99,
      99,
      99,
      99,
      99,
      5,
      99,
      99,
      99,
      99,
      99,
      99,
      99,
      19,
      99,
      99,
      99,
      99,
      99,
      99,
      99,
      6,
      99,
      99,
      99,
      99,
      3,
      99,
      99,
      99,
      99,
      99,
      99,
      99,
      99,
      99,
      99,
      99,
    ]),
  })
# ---
