# serializer version: 1
# name: TestPythonParser.test_parse_multiline_file
  dict({
    'count': 59,
    'names': list([
      None,
      'os',
      None,
      None,
      None,
      'pathlib',
      None,
      None,
      None,
      None,
      None,
      None,
      'greet',
      None,
      None,
      None,
      None,
      None,
      None,
      None,
      None,
      None,
      'print',
      None,
      None,
      None,
      None,
      None,
      None,
      None,
      None,
      None,
      None,
      None,
      None,
      'Foo',
      None,
      None,
      None,
      None,
      'bar',
      None,
      None,
      None,
      None,
      None,
      None,
      None,
      None,
      None,
      None,
      'self.baz',
      None,
      None,
      None,
      None,
      None,
      None,
      None,
    ]),
    'node_types': list([
      0,
      1,
      99,
      99,
      99,
      2,
      99,
      99,
      99,
      99,
      99,
      99,
      3,
      99,
      99,
      99,
      99,
      99,
      99,
      99,
      99,
      99,
      5,
      99,
      99,
      99,
      19,
      99,
      99,
      99,
      99,
      99,
      99,
      99,
      99,
      4,
      99,
      99,
      99,
      99,
      3,
      99,
      99,
      99,
      99,
      99,
      99,
      99,
      99,
      8,
      99,
      5,
      99,
      99,
      99,
      99,
      99,
      99,
      99,
    ]),
  })
# ---
