# serializer version: 1
# name: TestHardcodedSecretsSnapshot.test_snapshot
  list([
    dict({
      'line': 1,
      'message': 'AWS Access Key ID detected',
      'rule_id': 'hardcoded-secrets',
      'severity': 'warning',
    }),
    dict({
      'line': 2,
      'message': 'AWS Secret Access Key detected',
      'rule_id': 'hardcoded-secrets',
      'severity': 'warning',
    }),
  ])
# ---
